Archive member included to satisfy reference by file (symbol)

c:/st/stm32cubeide_1.11.0/stm32cubeide/plugins/com.st.stm32cube.ide.mcu.externaltools.gnu-tools-for-stm32.10.3-2021.10.win32_1.0.100.202210260954/tools/bin/../lib/gcc/arm-none-eabi/10.3.1/../../../../arm-none-eabi/lib/thumb/v7-m/nofp\libc_nano.a(lib_a-errno.o)
                              ./Core/Src/syscalls.o (__errno)
c:/st/stm32cubeide_1.11.0/stm32cubeide/plugins/com.st.stm32cube.ide.mcu.externaltools.gnu-tools-for-stm32.10.3-2021.10.win32_1.0.100.202210260954/tools/bin/../lib/gcc/arm-none-eabi/10.3.1/../../../../arm-none-eabi/lib/thumb/v7-m/nofp\libc_nano.a(lib_a-exit.o)
                              c:/st/stm32cubeide_1.11.0/stm32cubeide/plugins/com.st.stm32cube.ide.mcu.externaltools.gnu-tools-for-stm32.10.3-2021.10.win32_1.0.100.202210260954/tools/bin/../lib/gcc/arm-none-eabi/10.3.1/../../../../arm-none-eabi/lib/thumb/v7-m/nofp/crt0.o (exit)
c:/st/stm32cubeide_1.11.0/stm32cubeide/plugins/com.st.stm32cube.ide.mcu.externaltools.gnu-tools-for-stm32.10.3-2021.10.win32_1.0.100.202210260954/tools/bin/../lib/gcc/arm-none-eabi/10.3.1/../../../../arm-none-eabi/lib/thumb/v7-m/nofp\libc_nano.a(lib_a-impure.o)
                              c:/st/stm32cubeide_1.11.0/stm32cubeide/plugins/com.st.stm32cube.ide.mcu.externaltools.gnu-tools-for-stm32.10.3-2021.10.win32_1.0.100.202210260954/tools/bin/../lib/gcc/arm-none-eabi/10.3.1/../../../../arm-none-eabi/lib/thumb/v7-m/nofp\libc_nano.a(lib_a-exit.o) (_global_impure_ptr)
c:/st/stm32cubeide_1.11.0/stm32cubeide/plugins/com.st.stm32cube.ide.mcu.externaltools.gnu-tools-for-stm32.10.3-2021.10.win32_1.0.100.202210260954/tools/bin/../lib/gcc/arm-none-eabi/10.3.1/../../../../arm-none-eabi/lib/thumb/v7-m/nofp\libc_nano.a(lib_a-init.o)
                              c:/st/stm32cubeide_1.11.0/stm32cubeide/plugins/com.st.stm32cube.ide.mcu.externaltools.gnu-tools-for-stm32.10.3-2021.10.win32_1.0.100.202210260954/tools/bin/../lib/gcc/arm-none-eabi/10.3.1/../../../../arm-none-eabi/lib/thumb/v7-m/nofp/crt0.o (__libc_init_array)
c:/st/stm32cubeide_1.11.0/stm32cubeide/plugins/com.st.stm32cube.ide.mcu.externaltools.gnu-tools-for-stm32.10.3-2021.10.win32_1.0.100.202210260954/tools/bin/../lib/gcc/arm-none-eabi/10.3.1/../../../../arm-none-eabi/lib/thumb/v7-m/nofp\libc_nano.a(lib_a-memcpy-stub.o)
                              ./Core/Src/wapper.o (memcpy)
c:/st/stm32cubeide_1.11.0/stm32cubeide/plugins/com.st.stm32cube.ide.mcu.externaltools.gnu-tools-for-stm32.10.3-2021.10.win32_1.0.100.202210260954/tools/bin/../lib/gcc/arm-none-eabi/10.3.1/../../../../arm-none-eabi/lib/thumb/v7-m/nofp\libc_nano.a(lib_a-memset.o)
                              c:/st/stm32cubeide_1.11.0/stm32cubeide/plugins/com.st.stm32cube.ide.mcu.externaltools.gnu-tools-for-stm32.10.3-2021.10.win32_1.0.100.202210260954/tools/bin/../lib/gcc/arm-none-eabi/10.3.1/../../../../arm-none-eabi/lib/thumb/v7-m/nofp/crt0.o (memset)

Discarded input sections

 .text          0x0000000000000000        0x0 c:/st/stm32cubeide_1.11.0/stm32cubeide/plugins/com.st.stm32cube.ide.mcu.externaltools.gnu-tools-for-stm32.10.3-2021.10.win32_1.0.100.202210260954/tools/bin/../lib/gcc/arm-none-eabi/10.3.1/thumb/v7-m/nofp/crti.o
 .data          0x0000000000000000        0x0 c:/st/stm32cubeide_1.11.0/stm32cubeide/plugins/com.st.stm32cube.ide.mcu.externaltools.gnu-tools-for-stm32.10.3-2021.10.win32_1.0.100.202210260954/tools/bin/../lib/gcc/arm-none-eabi/10.3.1/thumb/v7-m/nofp/crti.o
 .bss           0x0000000000000000        0x0 c:/st/stm32cubeide_1.11.0/stm32cubeide/plugins/com.st.stm32cube.ide.mcu.externaltools.gnu-tools-for-stm32.10.3-2021.10.win32_1.0.100.202210260954/tools/bin/../lib/gcc/arm-none-eabi/10.3.1/thumb/v7-m/nofp/crti.o
 .data          0x0000000000000000        0x4 c:/st/stm32cubeide_1.11.0/stm32cubeide/plugins/com.st.stm32cube.ide.mcu.externaltools.gnu-tools-for-stm32.10.3-2021.10.win32_1.0.100.202210260954/tools/bin/../lib/gcc/arm-none-eabi/10.3.1/thumb/v7-m/nofp/crtbegin.o
 .rodata        0x0000000000000000       0x24 c:/st/stm32cubeide_1.11.0/stm32cubeide/plugins/com.st.stm32cube.ide.mcu.externaltools.gnu-tools-for-stm32.10.3-2021.10.win32_1.0.100.202210260954/tools/bin/../lib/gcc/arm-none-eabi/10.3.1/thumb/v7-m/nofp/crtbegin.o
 .text          0x0000000000000000       0x7c c:/st/stm32cubeide_1.11.0/stm32cubeide/plugins/com.st.stm32cube.ide.mcu.externaltools.gnu-tools-for-stm32.10.3-2021.10.win32_1.0.100.202210260954/tools/bin/../lib/gcc/arm-none-eabi/10.3.1/../../../../arm-none-eabi/lib/thumb/v7-m/nofp/crt0.o
 .data          0x0000000000000000        0x0 c:/st/stm32cubeide_1.11.0/stm32cubeide/plugins/com.st.stm32cube.ide.mcu.externaltools.gnu-tools-for-stm32.10.3-2021.10.win32_1.0.100.202210260954/tools/bin/../lib/gcc/arm-none-eabi/10.3.1/../../../../arm-none-eabi/lib/thumb/v7-m/nofp/crt0.o
[...]
Memory Configuration

Name             Origin             Length             Attributes
RAM              0x0000000020000000 0x0000000000002800 xrw
FLASH            0x0000000008000000 0x0000000000008000 xr
*default*        0x0000000000000000 0xffffffffffffffff

Linker script and memory map

LOAD c:/st/stm32cubeide_1.11.0/stm32cubeide/plugins/com.st.stm32cube.ide.mcu.externaltools.gnu-tools-for-stm32.10.3-2021.10.win32_1.0.100.202210260954/tools/bin/../lib/gcc/arm-none-eabi/10.3.1/thumb/v7-m/nofp/crti.o
LOAD c:/st/stm32cubeide_1.11.0/stm32cubeide/plugins/com.st.stm32cube.ide.mcu.externaltools.gnu-tools-for-stm32.10.3-2021.10.win32_1.0.100.202210260954/tools/bin/../lib/gcc/arm-none-eabi/10.3.1/thumb/v7-m/nofp/crtbegin.o
LOAD c:/st/stm32cubeide_1.11.0/stm32cubeide/plugins/com.st.stm32cube.ide.mcu.externaltools.gnu-tools-for-stm32.10.3-2021.10.win32_1.0.100.202210260954/tools/bin/../lib/gcc/arm-none-eabi/10.3.1/../../../../arm-none-eabi/lib/thumb/v7-m/nofp/crt0.o
LOAD ./Core/Src/can.o
LOAD ./Core/Src/gpio.o
LOAD ./Core/Src/main.o
LOAD ./Core/Src/stm32f1xx_hal_msp.o
LOAD ./Core/Src/stm32f1xx_it.o
LOAD ./Core/Src/syscalls.o
LOAD ./Core/Src/sysmem.o
LOAD ./Core/Src/system_stm32f1xx.o
LOAD ./Core/Src/wapper.o
LOAD ./Core/Startup/startup_stm32f103c6tx.o
LOAD ./Drivers/STM32F1xx_HAL_Driver/Src/stm32f1xx_hal.o
LOAD ./Drivers/STM32F1xx_HAL_Driver/Src/stm32f1xx_hal_can.o
LOAD ./Drivers/STM32F1xx_HAL_Driver/Src/stm32f1xx_hal_cortex.o
LOAD ./Drivers/STM32F1xx_HAL_Driver/Src/stm32f1xx_hal_dma.o
LOAD ./Drivers/STM32F1xx_HAL_Driver/Src/stm32f1xx_hal_exti.o
LOAD ./Drivers/STM32F1xx_HAL_Driver/Src/stm32f1xx_hal_flash.o
LOAD ./Drivers/STM32F1xx_HAL_Driver/Src/stm32f1xx_hal_flash_ex.o
LOAD ./Drivers/STM32F1xx_HAL_Driver/Src/stm32f1xx_hal_gpio.o
LOAD ./Drivers/STM32F1xx_HAL_Driver/Src/stm32f1xx_hal_gpio_ex.o
LOAD ./Drivers/STM32F1xx_HAL_Driver/Src/stm32f1xx_hal_pwr.o
LOAD ./Drivers/STM32F1xx_HAL_Driver/Src/stm32f1xx_hal_rcc.o
LOAD ./Drivers/STM32F1xx_HAL_Driver/Src/stm32f1xx_hal_rcc_ex.o
LOAD ./Drivers/STM32F1xx_HAL_Driver/Src/stm32f1xx_hal_tim.o
LOAD ./Drivers/STM32F1xx_HAL_Driver/Src/stm32f1xx_hal_tim_ex.o
START GROUP
LOAD c:/st/stm32cubeide_1.11.0/stm32cubeide/plugins/com.st.stm32cube.ide.mcu.externaltools.gnu-tools-for-stm32.10.3-2021.10.win32_1.0.100.202210260954/tools/bin/../lib/gcc/arm-none-eabi/10.3.1/../../../../arm-none-eabi/lib/thumb/v7-m/nofp\libstdc++_nano.a
LOAD c:/st/stm32cubeide_1.11.0/stm32cubeide/plugins/com.st.stm32cube.ide.mcu.externaltools.gnu-tools-for-stm32.10.3-2021.10.win32_1.0.100.202210260954/tools/bin/../lib/gcc/arm-none-eabi/10.3.1/../../../../arm-none-eabi/lib/thumb/v7-m/nofp\libsupc++_nano.a
END GROUP
LOAD c:/st/stm32cubeide_1.11.0/stm32cubeide/plugins/com.st.stm32cube.ide.mcu.externaltools.gnu-tools-for-stm32.10.3-2021.10.win32_1.0.100.202210260954/tools/bin/../lib/gcc/arm-none-eabi/10.3.1/../../../../arm-none-eabi/lib/thumb/v7-m/nofp\libstdc++_nano.a
LOAD c:/st/stm32cubeide_1.11.0/stm32cubeide/plugins/com.st.stm32cube.ide.mcu.externaltools.gnu-tools-for-stm32.10.3-2021.10.win32_1.0.100.202210260954/tools/bin/../lib/gcc/arm-none-eabi/10.3.1/../../../../arm-none-eabi/lib/thumb/v7-m/nofp\libm.a
LOAD c:/st/stm32cubeide_1.11.0/stm32cubeide/plugins/com.st.stm32cube.ide.mcu.externaltools.gnu-tools-for-stm32.10.3-2021.10.win32_1.0.100.202210260954/tools/bin/../lib/gcc/arm-none-eabi/10.3.1/../../../../arm-none-eabi/lib/thumb/v7-m/nofp\libc_nano.a
START GROUP
LOAD c:/st/stm32cubeide_1.11.0/stm32cubeide/plugins/com.st.stm32cube.ide.mcu.externaltools.gnu-tools-for-stm32.10.3-2021.10.win32_1.0.100.202210260954/tools/bin/../lib/gcc/arm-none-eabi/10.3.1/thumb/v7-m/nofp\libgcc.a
LOAD c:/st/stm32cubeide_1.11.0/stm32cubeide/plugins/com.st.stm32cube.ide.mcu.externaltools.gnu-tools-for-stm32.10.3-2021.10.win32_1.0.100.202210260954/tools/bin/../lib/gcc/arm-none-eabi/10.3.1/../../../../arm-none-eabi/lib/thumb/v7-m/nofp\libc_nano.a
END GROUP
START GROUP
LOAD c:/st/stm32cubeide_1.11.0/stm32cubeide/plugins/com.st.stm32cube.ide.mcu.externaltools.gnu-tools-for-stm32.10.3-2021.10.win32_1.0.100.202210260954/tools/bin/../lib/gcc/arm-none-eabi/10.3.1/thumb/v7-m/nofp\libgcc.a
LOAD c:/st/stm32cubeide_1.11.0/stm32cubeide/plugins/com.st.stm32cube.ide.mcu.externaltools.gnu-tools-for-stm32.10.3-2021.10.win32_1.0.100.202210260954/tools/bin/../lib/gcc/arm-none-eabi/10.3.1/../../../../arm-none-eabi/lib/thumb/v7-m/nofp\libc_nano.a
LOAD c:/st/stm32cubeide_1.11.0/stm32cubeide/plugins/com.st.stm32cube.ide.mcu.externaltools.gnu-tools-for-stm32.10.3-2021.10.win32_1.0.100.202210260954/tools/bin/../lib/gcc/arm-none-eabi/10.3.1/../../../../arm-none-eabi/lib/thumb/v7-m/nofp\libnosys.a
END GROUP
START GROUP
LOAD c:/st/stm32cubeide_1.11.0/stm32cubeide/plugins/com.st.stm32cube.ide.mcu.externaltools.gnu-tools-for-stm32.10.3-2021.10.win32_1.0.100.202210260954/tools/bin/../lib/gcc/arm-none-eabi/10.3.1/thumb/v7-m/nofp\libgcc.a
LOAD c:/st/stm32cubeide_1.11.0/stm32cubeide/plugins/com.st.stm32cube.ide.mcu.externaltools.gnu-tools-for-stm32.10.3-2021.10.win32_1.0.100.202210260954/tools/bin/../lib/gcc/arm-none-eabi/10.3.1/../../../../arm-none-eabi/lib/thumb/v7-m/nofp\libc_nano.a
LOAD c:/st/stm32cubeide_1.11.0/stm32cubeide/plugins/com.st.stm32cube.ide.mcu.externaltools.gnu-tools-for-stm32.10.3-2021.10.win32_1.0.100.202210260954/tools/bin/../lib/gcc/arm-none-eabi/10.3.1/../../../../arm-none-eabi/lib/thumb/v7-m/nofp\libnosys.a
END GROUP
LOAD c:/st/stm32cubeide_1.11.0/stm32cubeide/plugins/com.st.stm32cube.ide.mcu.externaltools.gnu-tools-for-stm32.10.3-2021.10.win32_1.0.100.202210260954/tools/bin/../lib/gcc/arm-none-eabi/10.3.1/thumb/v7-m/nofp/crtend.o
LOAD c:/st/stm32cubeide_1.11.0/stm32cubeide/plugins/com.st.stm32cube.ide.mcu.externaltools.gnu-tools-for-stm32.10.3-2021.10.win32_1.0.100.202210260954/tools/bin/../lib/gcc/arm-none-eabi/10.3.1/thumb/v7-m/nofp/crtn.o
                0x0000000020002800                _estack = (ORIGIN (RAM) + LENGTH (RAM))
                0x0000000000000200                _Min_Heap_Size = 0x200
                0x0000000000000400                _Min_Stack_Size = 0x400

.isr_vector     0x0000000008000000      0x10c
                0x0000000008000000                . = ALIGN (0x4)
 *(.isr_vector)
 .isr_vector    0x0000000008000000      0x10c ./Core/Startup/startup_stm32f103c6tx.o
                0x0000000008000000                g_pfnVectors
                0x000000000800010c                . = ALIGN (0x4)

.text           0x000000000800010c     0x12d8
                0x000000000800010c                . = ALIGN (0x4)
 *(.text)
 .text          0x000000000800010c       0x40 c:/st/stm32cubeide_1.11.0/stm32cubeide/plugins/com.st.stm32cube.ide.mcu.externaltools.gnu-tools-for-stm32.10.3-2021.10.win32_1.0.100.202210260954/tools/bin/../lib/gcc/arm-none-eabi/10.3.1/thumb/v7-m/nofp/crtbegin.o
 *(.text*)
 .text.MX_CAN_Init
                0x000000000800014c       0x3c ./Core/Src/can.o
                0x000000000800014c                MX_CAN_Init
 .text.HAL_CAN_MspInit
                0x0000000008000188       0x98 ./Core/Src/can.o
                0x0000000008000188                HAL_CAN_MspInit
 .text.HAL_CAN_MspDeInit
                0x0000000008000220       0x38 ./Core/Src/can.o
                0x0000000008000220                HAL_CAN_MspDeInit
 .text.MX_GPIO_Init
                0x0000000008000258       0xb8 ./Core/Src/gpio.o
                0x0000000008000258                MX_GPIO_Init
 .text.SystemClock_Config
                0x0000000008000310       0x5e ./Core/Src/main.o
                0x0000000008000310                SystemClock_Config
 .text.startup.main
                0x000000000800036e       0x1a ./Core/Src/main.o
                0x000000000800036e                main
 .text.Error_Handler
                0x0000000008000388        0x4 ./Core/Src/main.o
                0x0000000008000388                Error_Handler
 .text.HAL_MspInit
                0x000000000800038c       0x44 ./Core/Src/stm32f1xx_hal_msp.o
                0x000000000800038c                HAL_MspInit
 .text.NMI_Handler
                0x00000000080003d0        0x2 ./Core/Src/stm32f1xx_it.o
                0x00000000080003d0                NMI_Handler
 .text.HardFault_Handler
                0x00000000080003d2        0x2 ./Core/Src/stm32f1xx_it.o
                0x00000000080003d2                HardFault_Handler
 .text.MemManage_Handler
                0x00000000080003d4        0x2 ./Core/Src/stm32f1xx_it.o
                0x00000000080003d4                MemManage_Handler
 .text.BusFault_Handler
                0x00000000080003d6        0x2 ./Core/Src/stm32f1xx_it.o
                0x00000000080003d6                BusFault_Handler
 .text.UsageFault_Handler
                0x00000000080003d8        0x2 ./Core/Src/stm32f1xx_it.o
                0x00000000080003d8                UsageFault_Handler
 .text.SVC_Handler
                0x00000000080003da        0x2 ./Core/Src/stm32f1xx_it.o
                0x00000000080003da                SVC_Handler
 .text.DebugMon_Handler
                0x00000000080003dc        0x2 ./Core/Src/stm32f1xx_it.o
                0x00000000080003dc                DebugMon_Handler
 .text.PendSV_Handler
                0x00000000080003de        0x2 ./Core/Src/stm32f1xx_it.o
                0x00000000080003de                PendSV_Handler
 .text.SysTick_Handler
                0x00000000080003e0        0x4 ./Core/Src/stm32f1xx_it.o
                0x00000000080003e0                SysTick_Handler
 .text.USB_LP_CAN1_RX0_IRQHandler
                0x00000000080003e4        0xc ./Core/Src/stm32f1xx_it.o
                0x00000000080003e4                USB_LP_CAN1_RX0_IRQHandler
 .text.SystemInit
                0x00000000080003f0        0x2 ./Core/Src/system_stm32f1xx.o
                0x00000000080003f0                SystemInit
 .text._ZNK6CRSLib3Can5Stm326RM000810CanBusInit5applyEPNS2_11CanRegisterE
                0x00000000080003f2       0xb2 ./Core/Src/wapper.o
                0x00000000080003f2                CRSLib::Can::Stm32::RM0008::CanBusInit::apply(CRSLib::Can::Stm32::RM0008::CanRegister*) const
 .text._ZN6CRSLib3Can5Stm326RM000813FilterManager10initializeILh1EEEvhRAT__KNS2_12FilterConfigE
                0x00000000080004a4       0x70 ./Core/Src/wapper.o
                0x00000000080004a4                void CRSLib::Can::Stm32::RM0008::FilterManager::initialize<(unsigned char)1>(unsigned char, CRSLib::Can::Stm32::RM0008::FilterConfig const (&) [(unsigned char)1])
 .text.mymain   0x0000000008000514      0x178 ./Core/Src/wapper.o
                0x0000000008000514                mymain
 .text.Reset_Handler
                0x000000000800068c       0x48 ./Core/Startup/startup_stm32f103c6tx.o
                0x000000000800068c                Reset_Handler
 .text.Default_Handler
                0x00000000080006d4        0x2 ./Core/Startup/startup_stm32f103c6tx.o
                0x00000000080006d4                RTC_Alarm_IRQHandler
                0x00000000080006d4                EXTI2_IRQHandler
                0x00000000080006d4                TIM1_CC_IRQHandler
                0x00000000080006d4                PVD_IRQHandler
                0x00000000080006d4                EXTI3_IRQHandler
                0x00000000080006d4                EXTI0_IRQHandler
                0x00000000080006d4                ADC1_2_IRQHandler
                0x00000000080006d4                SPI1_IRQHandler
                0x00000000080006d4                TAMPER_IRQHandler
                0x00000000080006d4                DMA1_Channel4_IRQHandler
                0x00000000080006d4                RTC_IRQHandler
                0x00000000080006d4                DMA1_Channel7_IRQHandler
                0x00000000080006d4                CAN1_RX1_IRQHandler
                0x00000000080006d4                I2C1_EV_IRQHandler
                0x00000000080006d4                DMA1_Channel6_IRQHandler
                0x00000000080006d4                TIM3_IRQHandler
                0x00000000080006d4                RCC_IRQHandler
                0x00000000080006d4                TIM1_TRG_COM_IRQHandler
                0x00000000080006d4                DMA1_Channel1_IRQHandler
                0x00000000080006d4                Default_Handler
                0x00000000080006d4                EXTI15_10_IRQHandler
                0x00000000080006d4                EXTI9_5_IRQHandler
                0x00000000080006d4                DMA1_Channel5_IRQHandler
                0x00000000080006d4                EXTI4_IRQHandler
                0x00000000080006d4                USB_HP_CAN1_TX_IRQHandler
                0x00000000080006d4                DMA1_Channel3_IRQHandler
                0x00000000080006d4                TIM1_UP_IRQHandler
                0x00000000080006d4                WWDG_IRQHandler
                0x00000000080006d4                TIM2_IRQHandler
                0x00000000080006d4                TIM1_BRK_IRQHandler
                0x00000000080006d4                EXTI1_IRQHandler
                0x00000000080006d4                USART2_IRQHandler
                0x00000000080006d4                DMA1_Channel2_IRQHandler
                0x00000000080006d4                CAN1_SCE_IRQHandler
                0x00000000080006d4                FLASH_IRQHandler
                0x00000000080006d4                USART1_IRQHandler
                0x00000000080006d4                I2C1_ER_IRQHandler
                0x00000000080006d4                USBWakeUp_IRQHandler
 *fill*         0x00000000080006d6        0x2 
 .text.HAL_InitTick
                0x00000000080006d8       0x48 ./Drivers/STM32F1xx_HAL_Driver/Src/stm32f1xx_hal.o
                0x00000000080006d8                HAL_InitTick
 .text.HAL_Init
                0x0000000008000720       0x24 ./Drivers/STM32F1xx_HAL_Driver/Src/stm32f1xx_hal.o
                0x0000000008000720                HAL_Init
 .text.HAL_IncTick
                0x0000000008000744       0x18 ./Drivers/STM32F1xx_HAL_Driver/Src/stm32f1xx_hal.o
                0x0000000008000744                HAL_IncTick
 .text.HAL_GetTick
                0x000000000800075c        0xc ./Drivers/STM32F1xx_HAL_Driver/Src/stm32f1xx_hal.o
                0x000000000800075c                HAL_GetTick
 .text.HAL_CAN_Init
                0x0000000008000768       0xf6 ./Drivers/STM32F1xx_HAL_Driver/Src/stm32f1xx_hal_can.o
                0x0000000008000768                HAL_CAN_Init
 .text.HAL_CAN_Stop
                0x000000000800085e       0x5c ./Drivers/STM32F1xx_HAL_Driver/Src/stm32f1xx_hal_can.o
                0x000000000800085e                HAL_CAN_Stop
 .text.HAL_CAN_DeInit
                0x00000000080008ba       0x28 ./Drivers/STM32F1xx_HAL_Driver/Src/stm32f1xx_hal_can.o
                0x00000000080008ba                HAL_CAN_DeInit
 .text.HAL_CAN_TxMailbox0CompleteCallback
                0x00000000080008e2        0x2 ./Drivers/STM32F1xx_HAL_Driver/Src/stm32f1xx_hal_can.o
                0x00000000080008e2                HAL_CAN_TxMailbox0CompleteCallback
 .text.HAL_CAN_TxMailbox1CompleteCallback
                0x00000000080008e4        0x2 ./Drivers/STM32F1xx_HAL_Driver/Src/stm32f1xx_hal_can.o
                0x00000000080008e4                HAL_CAN_TxMailbox1CompleteCallback
 .text.HAL_CAN_TxMailbox2CompleteCallback
                0x00000000080008e6        0x2 ./Drivers/STM32F1xx_HAL_Driver/Src/stm32f1xx_hal_can.o
                0x00000000080008e6                HAL_CAN_TxMailbox2CompleteCallback
 .text.HAL_CAN_TxMailbox0AbortCallback
                0x00000000080008e8        0x2 ./Drivers/STM32F1xx_HAL_Driver/Src/stm32f1xx_hal_can.o
                0x00000000080008e8                HAL_CAN_TxMailbox0AbortCallback
 .text.HAL_CAN_TxMailbox1AbortCallback
                0x00000000080008ea        0x2 ./Drivers/STM32F1xx_HAL_Driver/Src/stm32f1xx_hal_can.o
                0x00000000080008ea                HAL_CAN_TxMailbox1AbortCallback
 .text.HAL_CAN_TxMailbox2AbortCallback
                0x00000000080008ec        0x2 ./Drivers/STM32F1xx_HAL_Driver/Src/stm32f1xx_hal_can.o
                0x00000000080008ec                HAL_CAN_TxMailbox2AbortCallback
 .text.HAL_CAN_RxFifo0MsgPendingCallback
                0x00000000080008ee        0x2 ./Drivers/STM32F1xx_HAL_Driver/Src/stm32f1xx_hal_can.o
                0x00000000080008ee                HAL_CAN_RxFifo0MsgPendingCallback
 .text.HAL_CAN_RxFifo0FullCallback
                0x00000000080008f0        0x2 ./Drivers/STM32F1xx_HAL_Driver/Src/stm32f1xx_hal_can.o
                0x00000000080008f0                HAL_CAN_RxFifo0FullCallback
 .text.HAL_CAN_RxFifo1MsgPendingCallback
                0x00000000080008f2        0x2 ./Drivers/STM32F1xx_HAL_Driver/Src/stm32f1xx_hal_can.o
                0x00000000080008f2                HAL_CAN_RxFifo1MsgPendingCallback
 .text.HAL_CAN_RxFifo1FullCallback
                0x00000000080008f4        0x2 ./Drivers/STM32F1xx_HAL_Driver/Src/stm32f1xx_hal_can.o
                0x00000000080008f4                HAL_CAN_RxFifo1FullCallback
 .text.HAL_CAN_SleepCallback
                0x00000000080008f6        0x2 ./Drivers/STM32F1xx_HAL_Driver/Src/stm32f1xx_hal_can.o
                0x00000000080008f6                HAL_CAN_SleepCallback
 .text.HAL_CAN_WakeUpFromRxMsgCallback
                0x00000000080008f8        0x2 ./Drivers/STM32F1xx_HAL_Driver/Src/stm32f1xx_hal_can.o
                0x00000000080008f8                HAL_CAN_WakeUpFromRxMsgCallback
 .text.HAL_CAN_ErrorCallback
                0x00000000080008fa        0x2 ./Drivers/STM32F1xx_HAL_Driver/Src/stm32f1xx_hal_can.o
                0x00000000080008fa                HAL_CAN_ErrorCallback
 .text.HAL_CAN_IRQHandler
                0x00000000080008fc      0x1fc ./Drivers/STM32F1xx_HAL_Driver/Src/stm32f1xx_hal_can.o
                0x00000000080008fc                HAL_CAN_IRQHandler
 .text.HAL_NVIC_SetPriorityGrouping
                0x0000000008000af8       0x24 ./Drivers/STM32F1xx_HAL_Driver/Src/stm32f1xx_hal_cortex.o
                0x0000000008000af8                HAL_NVIC_SetPriorityGrouping
 .text.HAL_NVIC_SetPriority
                0x0000000008000b1c       0x64 ./Drivers/STM32F1xx_HAL_Driver/Src/stm32f1xx_hal_cortex.o
                0x0000000008000b1c                HAL_NVIC_SetPriority
 .text.HAL_NVIC_EnableIRQ
                0x0000000008000b80       0x1c ./Drivers/STM32F1xx_HAL_Driver/Src/stm32f1xx_hal_cortex.o
                0x0000000008000b80                HAL_NVIC_EnableIRQ
 .text.HAL_NVIC_DisableIRQ
                0x0000000008000b9c       0x28 ./Drivers/STM32F1xx_HAL_Driver/Src/stm32f1xx_hal_cortex.o
                0x0000000008000b9c                HAL_NVIC_DisableIRQ
 .text.HAL_SYSTICK_Config
                0x0000000008000bc4       0x28 ./Drivers/STM32F1xx_HAL_Driver/Src/stm32f1xx_hal_cortex.o
                0x0000000008000bc4                HAL_SYSTICK_Config
 .text.HAL_GPIO_Init
                0x0000000008000bec      0x1ac ./Drivers/STM32F1xx_HAL_Driver/Src/stm32f1xx_hal_gpio.o
                0x0000000008000bec                HAL_GPIO_Init
 .text.HAL_GPIO_DeInit
                0x0000000008000d98       0xd0 ./Drivers/STM32F1xx_HAL_Driver/Src/stm32f1xx_hal_gpio.o
                0x0000000008000d98                HAL_GPIO_DeInit
 .text.HAL_GPIO_WritePin
                0x0000000008000e68        0xa ./Drivers/STM32F1xx_HAL_Driver/Src/stm32f1xx_hal_gpio.o
                0x0000000008000e68                HAL_GPIO_WritePin
 *fill*         0x0000000008000e72        0x2 
 .text.HAL_RCC_OscConfig
                0x0000000008000e74      0x338 ./Drivers/STM32F1xx_HAL_Driver/Src/stm32f1xx_hal_rcc.o
                0x0000000008000e74                HAL_RCC_OscConfig
 .text.HAL_RCC_GetSysClockFreq
                0x00000000080011ac       0x74 ./Drivers/STM32F1xx_HAL_Driver/Src/stm32f1xx_hal_rcc.o
                0x00000000080011ac                HAL_RCC_GetSysClockFreq
 .text.HAL_RCC_ClockConfig
                0x0000000008001220      0x138 ./Drivers/STM32F1xx_HAL_Driver/Src/stm32f1xx_hal_rcc.o
                0x0000000008001220                HAL_RCC_ClockConfig
 .text.__libc_init_array
                0x0000000008001358       0x48 c:/st/stm32cubeide_1.11.0/stm32cubeide/plugins/com.st.stm32cube.ide.mcu.externaltools.gnu-tools-for-stm32.10.3-2021.10.win32_1.0.100.202210260954/tools/bin/../lib/gcc/arm-none-eabi/10.3.1/../../../../arm-none-eabi/lib/thumb/v7-m/nofp\libc_nano.a(lib_a-init.o)
                0x0000000008001358                __libc_init_array
 .text.memcpy   0x00000000080013a0       0x1c c:/st/stm32cubeide_1.11.0/stm32cubeide/plugins/com.st.stm32cube.ide.mcu.externaltools.gnu-tools-for-stm32.10.3-2021.10.win32_1.0.100.202210260954/tools/bin/../lib/gcc/arm-none-eabi/10.3.1/../../../../arm-none-eabi/lib/thumb/v7-m/nofp\libc_nano.a(lib_a-memcpy-stub.o)
                0x00000000080013a0                memcpy
 .text.memset   0x00000000080013bc       0x10 c:/st/stm32cubeide_1.11.0/stm32cubeide/plugins/com.st.stm32cube.ide.mcu.externaltools.gnu-tools-for-stm32.10.3-2021.10.win32_1.0.100.202210260954/tools/bin/../lib/gcc/arm-none-eabi/10.3.1/../../../../arm-none-eabi/lib/thumb/v7-m/nofp\libc_nano.a(lib_a-memset.o)
                0x00000000080013bc                memset
 *(.glue_7)
 .glue_7        0x00000000080013cc        0x0 linker stubs
 *(.glue_7t)
 .glue_7t       0x00000000080013cc        0x0 linker stubs
 *(.eh_frame)
 .eh_frame      0x00000000080013cc        0x0 c:/st/stm32cubeide_1.11.0/stm32cubeide/plugins/com.st.stm32cube.ide.mcu.externaltools.gnu-tools-for-stm32.10.3-2021.10.win32_1.0.100.202210260954/tools/bin/../lib/gcc/arm-none-eabi/10.3.1/thumb/v7-m/nofp/crtbegin.o
 *(.init)
 .init          0x00000000080013cc        0x4 c:/st/stm32cubeide_1.11.0/stm32cubeide/plugins/com.st.stm32cube.ide.mcu.externaltools.gnu-tools-for-stm32.10.3-2021.10.win32_1.0.100.202210260954/tools/bin/../lib/gcc/arm-none-eabi/10.3.1/thumb/v7-m/nofp/crti.o
                0x00000000080013cc                _init
 .init          0x00000000080013d0        0x8 c:/st/stm32cubeide_1.11.0/stm32cubeide/plugins/com.st.stm32cube.ide.mcu.externaltools.gnu-tools-for-stm32.10.3-2021.10.win32_1.0.100.202210260954/tools/bin/../lib/gcc/arm-none-eabi/10.3.1/thumb/v7-m/nofp/crtn.o
 *(.fini)
 .fini          0x00000000080013d8        0x4 c:/st/stm32cubeide_1.11.0/stm32cubeide/plugins/com.st.stm32cube.ide.mcu.externaltools.gnu-tools-for-stm32.10.3-2021.10.win32_1.0.100.202210260954/tools/bin/../lib/gcc/arm-none-eabi/10.3.1/thumb/v7-m/nofp/crti.o
                0x00000000080013d8                _fini
 .fini          0x00000000080013dc        0x8 c:/st/stm32cubeide_1.11.0/stm32cubeide/plugins/com.st.stm32cube.ide.mcu.externaltools.gnu-tools-for-stm32.10.3-2021.10.win32_1.0.100.202210260954/tools/bin/../lib/gcc/arm-none-eabi/10.3.1/thumb/v7-m/nofp/crtn.o
                0x00000000080013e4                . = ALIGN (0x4)
                0x00000000080013e4                _etext = .

.vfp11_veneer   0x00000000080013e4        0x0
 .vfp11_veneer  0x00000000080013e4        0x0 linker stubs

.v4_bx          0x00000000080013e4        0x0
 .v4_bx         0x00000000080013e4        0x0 linker stubs

.iplt           0x00000000080013e4        0x0
 .iplt          0x00000000080013e4        0x0 c:/st/stm32cubeide_1.11.0/stm32cubeide/plugins/com.st.stm32cube.ide.mcu.externaltools.gnu-tools-for-stm32.10.3-2021.10.win32_1.0.100.202210260954/tools/bin/../lib/gcc/arm-none-eabi/10.3.1/thumb/v7-m/nofp/crtbegin.o

.rodata         0x00000000080013e4       0x30
                0x00000000080013e4                . = ALIGN (0x4)
 *(.rodata)
 .rodata        0x00000000080013e4        0xc ./Core/Src/wapper.o
 *(.rodata*)
 .rodata.AHBPrescTable
                0x00000000080013f0       0x10 ./Core/Src/system_stm32f1xx.o
                0x00000000080013f0                AHBPrescTable
 .rodata.HAL_RCC_GetSysClockFreq.str1.1
                0x0000000008001400       0x11 ./Drivers/STM32F1xx_HAL_Driver/Src/stm32f1xx_hal_rcc.o
                0x0000000008001414                . = ALIGN (0x4)
 *fill*         0x0000000008001411        0x3 

.rel.dyn        0x0000000008001414        0x0
 .rel.iplt      0x0000000008001414        0x0 c:/st/stm32cubeide_1.11.0/stm32cubeide/plugins/com.st.stm32cube.ide.mcu.externaltools.gnu-tools-for-stm32.10.3-2021.10.win32_1.0.100.202210260954/tools/bin/../lib/gcc/arm-none-eabi/10.3.1/thumb/v7-m/nofp/crtbegin.o

.ARM.extab      0x0000000008001414        0x0
                0x0000000008001414                . = ALIGN (0x4)
 *(.ARM.extab* .gnu.linkonce.armextab.*)
                0x0000000008001414                . = ALIGN (0x4)

.ARM            0x0000000008001414        0x0
                0x0000000008001414                . = ALIGN (0x4)
                0x0000000008001414                __exidx_start = .
 *(.ARM.exidx*)
                0x0000000008001414                __exidx_end = .
                0x0000000008001414                . = ALIGN (0x4)

.preinit_array  0x0000000008001414        0x0
                0x0000000008001414                . = ALIGN (0x4)
                0x0000000008001414                PROVIDE (__preinit_array_start = .)
 *(.preinit_array*)
                0x0000000008001414                PROVIDE (__preinit_array_end = .)
                0x0000000008001414                . = ALIGN (0x4)

.init_array     0x0000000008001414        0x4
                0x0000000008001414                . = ALIGN (0x4)
                0x0000000008001414                PROVIDE (__init_array_start = .)
 *(SORT_BY_NAME(.init_array.*))
 *(.init_array*)
 .init_array    0x0000000008001414        0x4 c:/st/stm32cubeide_1.11.0/stm32cubeide/plugins/com.st.stm32cube.ide.mcu.externaltools.gnu-tools-for-stm32.10.3-2021.10.win32_1.0.100.202210260954/tools/bin/../lib/gcc/arm-none-eabi/10.3.1/thumb/v7-m/nofp/crtbegin.o
                0x0000000008001418                PROVIDE (__init_array_end = .)
                0x0000000008001418                . = ALIGN (0x4)

.fini_array     0x0000000008001418        0x4
                0x0000000008001418                . = ALIGN (0x4)
                [!provide]                        PROVIDE (__fini_array_start = .)
 *(SORT_BY_NAME(.fini_array.*))
 *(.fini_array*)
 .fini_array    0x0000000008001418        0x4 c:/st/stm32cubeide_1.11.0/stm32cubeide/plugins/com.st.stm32cube.ide.mcu.externaltools.gnu-tools-for-stm32.10.3-2021.10.win32_1.0.100.202210260954/tools/bin/../lib/gcc/arm-none-eabi/10.3.1/thumb/v7-m/nofp/crtbegin.o
                [!provide]                        PROVIDE (__fini_array_end = .)
                0x000000000800141c                . = ALIGN (0x4)
                0x000000000800141c                _sidata = LOADADDR (.data)

.data           0x0000000020000000        0xc load address 0x000000000800141c
                0x0000000020000000                . = ALIGN (0x4)
                0x0000000020000000                _sdata = .
 *(.data)
 *(.data*)
 .data.SystemCoreClock
                0x0000000020000000        0x4 ./Core/Src/system_stm32f1xx.o
                0x0000000020000000                SystemCoreClock
 .data.uwTickFreq
                0x0000000020000004        0x1 ./Drivers/STM32F1xx_HAL_Driver/Src/stm32f1xx_hal.o
                0x0000000020000004                uwTickFreq
 *fill*         0x0000000020000005        0x3 
 .data.uwTickPrio
                0x0000000020000008        0x4 ./Drivers/STM32F1xx_HAL_Driver/Src/stm32f1xx_hal.o
                0x0000000020000008                uwTickPrio
 *(.RamFunc)
 *(.RamFunc*)
                0x000000002000000c                . = ALIGN (0x4)
                0x000000002000000c                _edata = .

.igot.plt       0x000000002000000c        0x0 load address 0x0000000008001428
 .igot.plt      0x000000002000000c        0x0 c:/st/stm32cubeide_1.11.0/stm32cubeide/plugins/com.st.stm32cube.ide.mcu.externaltools.gnu-tools-for-stm32.10.3-2021.10.win32_1.0.100.202210260954/tools/bin/../lib/gcc/arm-none-eabi/10.3.1/thumb/v7-m/nofp/crtbegin.o
                0x000000002000000c                . = ALIGN (0x4)

.bss            0x000000002000000c       0x48 load address 0x0000000008001428
                0x000000002000000c                _sbss = .
                0x000000002000000c                __bss_start__ = _sbss
 *(.bss)
 .bss           0x000000002000000c       0x1c c:/st/stm32cubeide_1.11.0/stm32cubeide/plugins/com.st.stm32cube.ide.mcu.externaltools.gnu-tools-for-stm32.10.3-2021.10.win32_1.0.100.202210260954/tools/bin/../lib/gcc/arm-none-eabi/10.3.1/thumb/v7-m/nofp/crtbegin.o
 *(.bss*)
 .bss.hcan      0x0000000020000028       0x28 ./Core/Src/can.o
                0x0000000020000028                hcan
 .bss.uwTick    0x0000000020000050        0x4 ./Drivers/STM32F1xx_HAL_Driver/Src/stm32f1xx_hal.o
                0x0000000020000050                uwTick
 *(COMMON)
                0x0000000020000054                . = ALIGN (0x4)
                0x0000000020000054                _ebss = .
                0x0000000020000054                __bss_end__ = _ebss

._user_heap_stack
                0x0000000020000054      0x604 load address 0x0000000008001428
                0x0000000020000058                . = ALIGN (0x8)
 *fill*         0x0000000020000054        0x4 
                [!provide]                        PROVIDE (end = .)
                0x0000000020000058                PROVIDE (_end = .)
                0x0000000020000258                . = (. + _Min_Heap_Size)
 *fill*         0x0000000020000058      0x200 
                0x0000000020000658                . = (. + _Min_Stack_Size)
 *fill*         0x0000000020000258      0x400 
                0x0000000020000658                . = ALIGN (0x8)

/DISCARD/
 libc.a(*)
 libm.a(*)
 libgcc.a(*)

.ARM.attributes
                0x0000000000000000       0x29
 *(.ARM.attributes)
 .ARM.attributes
                0x0000000000000000       0x1d c:/st/stm32cubeide_1.11.0/stm32cubeide/plugins/com.st.stm32cube.ide.mcu.externaltools.gnu-tools-for-stm32.10.3-2021.10.win32_1.0.100.202210260954/tools/bin/../lib/gcc/arm-none-eabi/10.3.1/thumb/v7-m/nofp/crti.o
 .ARM.attributes
                0x000000000000001d       0x2d c:/st/stm32cubeide_1.11.0/stm32cubeide/plugins/com.st.stm32cube.ide.mcu.externaltools.gnu-tools-for-stm32.10.3-2021.10.win32_1.0.100.202210260954/tools/bin/../lib/gcc/arm-none-eabi/10.3.1/thumb/v7-m/nofp/crtbegin.o
 .ARM.attributes
                0x000000000000004a       0x2d ./Core/Src/can.o
 .ARM.attributes
                0x0000000000000077       0x2d ./Core/Src/gpio.o
 .ARM.attributes
                0x00000000000000a4       0x2d ./Core/Src/main.o
 .ARM.attributes
                0x00000000000000d1       0x2d ./Core/Src/stm32f1xx_hal_msp.o
 .ARM.attributes
                0x00000000000000fe       0x2d ./Core/Src/stm32f1xx_it.o
 .ARM.attributes
                0x000000000000012b       0x2d ./Core/Src/system_stm32f1xx.o
 .ARM.attributes
                0x0000000000000158       0x2d ./Core/Src/wapper.o
 .ARM.attributes
                0x0000000000000185       0x21 ./Core/Startup/startup_stm32f103c6tx.o
 .ARM.attributes
                0x00000000000001a6       0x2d ./Drivers/STM32F1xx_HAL_Driver/Src/stm32f1xx_hal.o
 .ARM.attributes
                0x00000000000001d3       0x2d ./Drivers/STM32F1xx_HAL_Driver/Src/stm32f1xx_hal_can.o
 .ARM.attributes
                0x0000000000000200       0x2d ./Drivers/STM32F1xx_HAL_Driver/Src/stm32f1xx_hal_cortex.o
 .ARM.attributes
                0x000000000000022d       0x2d ./Drivers/STM32F1xx_HAL_Driver/Src/stm32f1xx_hal_gpio.o
 .ARM.attributes
                0x000000000000025a       0x2d ./Drivers/STM32F1xx_HAL_Driver/Src/stm32f1xx_hal_rcc.o
 .ARM.attributes
                0x0000000000000287       0x2d c:/st/stm32cubeide_1.11.0/stm32cubeide/plugins/com.st.stm32cube.ide.mcu.externaltools.gnu-tools-for-stm32.10.3-2021.10.win32_1.0.100.202210260954/tools/bin/../lib/gcc/arm-none-eabi/10.3.1/../../../../arm-none-eabi/lib/thumb/v7-m/nofp\libc_nano.a(lib_a-init.o)
 .ARM.attributes
                0x00000000000002b4       0x2d c:/st/stm32cubeide_1.11.0/stm32cubeide/plugins/com.st.stm32cube.ide.mcu.externaltools.gnu-tools-for-stm32.10.3-2021.10.win32_1.0.100.202210260954/tools/bin/../lib/gcc/arm-none-eabi/10.3.1/../../../../arm-none-eabi/lib/thumb/v7-m/nofp\libc_nano.a(lib_a-memcpy-stub.o)
 .ARM.attributes
                0x00000000000002e1       0x2d c:/st/stm32cubeide_1.11.0/stm32cubeide/plugins/com.st.stm32cube.ide.mcu.externaltools.gnu-tools-for-stm32.10.3-2021.10.win32_1.0.100.202210260954/tools/bin/../lib/gcc/arm-none-eabi/10.3.1/../../../../arm-none-eabi/lib/thumb/v7-m/nofp\libc_nano.a(lib_a-memset.o)
 .ARM.attributes
                0x000000000000030e       0x1d c:/st/stm32cubeide_1.11.0/stm32cubeide/plugins/com.st.stm32cube.ide.mcu.externaltools.gnu-tools-for-stm32.10.3-2021.10.win32_1.0.100.202210260954/tools/bin/../lib/gcc/arm-none-eabi/10.3.1/thumb/v7-m/nofp/crtn.o
OUTPUT(BaseBoardTemplate_F103C6T6.elf elf32-littlearm)
LOAD linker stubs
LOAD c:/st/stm32cubeide_1.11.0/stm32cubeide/plugins/com.st.stm32cube.ide.mcu.externaltools.gnu-tools-for-stm32.10.3-2021.10.win32_1.0.100.202210260954/tools/bin/../lib/gcc/arm-none-eabi/10.3.1/../../../../arm-none-eabi/lib/thumb/v7-m/nofp\libc.a
LOAD c:/st/stm32cubeide_1.11.0/stm32cubeide/plugins/com.st.stm32cube.ide.mcu.externaltools.gnu-tools-for-stm32.10.3-2021.10.win32_1.0.100.202210260954/tools/bin/../lib/gcc/arm-none-eabi/10.3.1/../../../../arm-none-eabi/lib/thumb/v7-m/nofp\libm.a
LOAD c:/st/stm32cubeide_1.11.0/stm32cubeide/plugins/com.st.stm32cube.ide.mcu.externaltools.gnu-tools-for-stm32.10.3-2021.10.win32_1.0.100.202210260954/tools/bin/../lib/gcc/arm-none-eabi/10.3.1/thumb/v7-m/nofp\libgcc.a

.debug_info     0x0000000000000000     0xa2fe
 .debug_info    0x0000000000000000      0xa21 ./Core/Src/can.o
 .debug_info    0x0000000000000a21      0x39c ./Core/Src/gpio.o
 .debug_info    0x0000000000000dbd      0x3bc ./Core/Src/main.o
 .debug_info    0x0000000000001179      0x209 ./Core/Src/stm32f1xx_hal_msp.o
 .debug_info    0x0000000000001382      0x54f ./Core/Src/stm32f1xx_it.o
 .debug_info    0x00000000000018d1      0x24c ./Core/Src/system_stm32f1xx.o
 .debug_info    0x0000000000001b1d     0x4f94 ./Core/Src/wapper.o
 .debug_info    0x0000000000006ab1       0x22 ./Core/Startup/startup_stm32f103c6tx.o
 .debug_info    0x0000000000006ad3      0x7ea ./Drivers/STM32F1xx_HAL_Driver/Src/stm32f1xx_hal.o
 .debug_info    0x00000000000072bd     0x11fd ./Drivers/STM32F1xx_HAL_Driver/Src/stm32f1xx_hal_can.o
 .debug_info    0x00000000000084ba      0xd4c ./Drivers/STM32F1xx_HAL_Driver/Src/stm32f1xx_hal_cortex.o
 .debug_info    0x0000000000009206      0x66f ./Drivers/STM32F1xx_HAL_Driver/Src/stm32f1xx_hal_gpio.o
 .debug_info    0x0000000000009875      0xa89 ./Drivers/STM32F1xx_HAL_Driver/Src/stm32f1xx_hal_rcc.o

.debug_abbrev   0x0000000000000000     0x2262
 .debug_abbrev  0x0000000000000000      0x26d ./Core/Src/can.o
 .debug_abbrev  0x000000000000026d      0x160 ./Core/Src/gpio.o
 .debug_abbrev  0x00000000000003cd      0x1d4 ./Core/Src/main.o
 .debug_abbrev  0x00000000000005a1       0xe4 ./Core/Src/stm32f1xx_hal_msp.o
 .debug_abbrev  0x0000000000000685      0x1b6 ./Core/Src/stm32f1xx_it.o
 .debug_abbrev  0x000000000000083b      0x141 ./Core/Src/system_stm32f1xx.o
 .debug_abbrev  0x000000000000097c      0xb48 ./Core/Src/wapper.o
 .debug_abbrev  0x00000000000014c4       0x12 ./Core/Startup/startup_stm32f103c6tx.o
 .debug_abbrev  0x00000000000014d6      0x277 ./Drivers/STM32F1xx_HAL_Driver/Src/stm32f1xx_hal.o
 .debug_abbrev  0x000000000000174d      0x2e7 ./Drivers/STM32F1xx_HAL_Driver/Src/stm32f1xx_hal_can.o
 .debug_abbrev  0x0000000000001a34      0x352 ./Drivers/STM32F1xx_HAL_Driver/Src/stm32f1xx_hal_cortex.o
 .debug_abbrev  0x0000000000001d86      0x1e7 ./Drivers/STM32F1xx_HAL_Driver/Src/stm32f1xx_hal_gpio.o
 .debug_abbrev  0x0000000000001f6d      0x2f5 ./Drivers/STM32F1xx_HAL_Driver/Src/stm32f1xx_hal_rcc.o

.debug_loc      0x0000000000000000     0x2a1c
 .debug_loc     0x0000000000000000       0x99 ./Core/Src/can.o
 .debug_loc     0x0000000000000099       0x15 ./Core/Src/stm32f1xx_hal_msp.o
 .debug_loc     0x00000000000000ae       0xe7 ./Core/Src/system_stm32f1xx.o
 .debug_loc     0x0000000000000195      0xce5 ./Core/Src/wapper.o
 .debug_loc     0x0000000000000e7a      0x139 ./Drivers/STM32F1xx_HAL_Driver/Src/stm32f1xx_hal.o
 .debug_loc     0x0000000000000fb3      0xbb6 ./Drivers/STM32F1xx_HAL_Driver/Src/stm32f1xx_hal_can.o
 .debug_loc     0x0000000000001b69      0x4c5 ./Drivers/STM32F1xx_HAL_Driver/Src/stm32f1xx_hal_cortex.o
 .debug_loc     0x000000000000202e      0x3fd ./Drivers/STM32F1xx_HAL_Driver/Src/stm32f1xx_hal_gpio.o
 .debug_loc     0x000000000000242b      0x5f1 ./Drivers/STM32F1xx_HAL_Driver/Src/stm32f1xx_hal_rcc.o

.debug_aranges  0x0000000000000000      0x488
 .debug_aranges
                0x0000000000000000       0x30 ./Core/Src/can.o
 .debug_aranges
                0x0000000000000030       0x20 ./Core/Src/gpio.o
 .debug_aranges
                0x0000000000000050       0x30 ./Core/Src/main.o
 .debug_aranges
                0x0000000000000080       0x20 ./Core/Src/stm32f1xx_hal_msp.o
 .debug_aranges
                0x00000000000000a0       0x58 ./Core/Src/stm32f1xx_it.o
 .debug_aranges
                0x00000000000000f8       0x28 ./Core/Src/system_stm32f1xx.o
 .debug_aranges
                0x0000000000000120       0x30 ./Core/Src/wapper.o
 .debug_aranges
                0x0000000000000150       0x28 ./Core/Startup/startup_stm32f103c6tx.o
 .debug_aranges
                0x0000000000000178       0xd8 ./Drivers/STM32F1xx_HAL_Driver/Src/stm32f1xx_hal.o
 .debug_aranges
                0x0000000000000250       0xc8 ./Drivers/STM32F1xx_HAL_Driver/Src/stm32f1xx_hal_can.o
 .debug_aranges
                0x0000000000000318       0x90 ./Drivers/STM32F1xx_HAL_Driver/Src/stm32f1xx_hal_cortex.o
 .debug_aranges
                0x00000000000003a8       0x58 ./Drivers/STM32F1xx_HAL_Driver/Src/stm32f1xx_hal_gpio.o
 .debug_aranges
                0x0000000000000400       0x88 ./Drivers/STM32F1xx_HAL_Driver/Src/stm32f1xx_hal_rcc.o

.debug_ranges   0x0000000000000000      0x920
 .debug_ranges  0x0000000000000000       0x58 ./Core/Src/can.o
 .debug_ranges  0x0000000000000058       0x90 ./Core/Src/gpio.o
 .debug_ranges  0x00000000000000e8       0x50 ./Core/Src/main.o
 .debug_ranges  0x0000000000000138       0x58 ./Core/Src/stm32f1xx_hal_msp.o
 .debug_ranges  0x0000000000000190       0x48 ./Core/Src/stm32f1xx_it.o
 .debug_ranges  0x00000000000001d8       0x18 ./Core/Src/system_stm32f1xx.o
 .debug_ranges  0x00000000000001f0      0x308 ./Core/Src/wapper.o
 .debug_ranges  0x00000000000004f8       0x20 ./Core/Startup/startup_stm32f103c6tx.o
 .debug_ranges  0x0000000000000518       0xc8 ./Drivers/STM32F1xx_HAL_Driver/Src/stm32f1xx_hal.o
 .debug_ranges  0x00000000000005e0       0xd0 ./Drivers/STM32F1xx_HAL_Driver/Src/stm32f1xx_hal_can.o
 .debug_ranges  0x00000000000006b0      0x148 ./Drivers/STM32F1xx_HAL_Driver/Src/stm32f1xx_hal_cortex.o
 .debug_ranges  0x00000000000007f8       0x68 ./Drivers/STM32F1xx_HAL_Driver/Src/stm32f1xx_hal_gpio.o
 .debug_ranges  0x0000000000000860       0xc0 ./Drivers/STM32F1xx_HAL_Driver/Src/stm32f1xx_hal_rcc.o

.debug_macro    0x0000000000000000    0x19b8a
 .debug_macro   0x0000000000000000      0x1a6 ./Core/Src/can.o
 .debug_macro   0x00000000000001a6      0xa78 ./Core/Src/can.o
 .debug_macro   0x0000000000000c1e      0x215 ./Core/Src/can.o
 .debug_macro   0x0000000000000e33       0x2e ./Core/Src/can.o
 .debug_macro   0x0000000000000e61       0x22 ./Core/Src/can.o
 .debug_macro   0x0000000000000e83       0x22 ./Core/Src/can.o
 .debug_macro   0x0000000000000ea5       0x56 ./Core/Src/can.o
 .debug_macro   0x0000000000000efb       0x51 ./Core/Src/can.o
 .debug_macro   0x0000000000000f4c      0x103 ./Core/Src/can.o
 .debug_macro   0x000000000000104f       0x6a ./Core/Src/can.o
 .debug_macro   0x00000000000010b9      0x1df ./Core/Src/can.o
 .debug_macro   0x0000000000001298       0x1c ./Core/Src/can.o
 .debug_macro   0x00000000000012b4       0x22 ./Core/Src/can.o
 .debug_macro   0x00000000000012d6       0xbd ./Core/Src/can.o
 .debug_macro   0x0000000000001393      0xd23 ./Core/Src/can.o
 .debug_macro   0x00000000000020b6     0xde75 ./Core/Src/can.o
 .debug_macro   0x000000000000ff2b       0x6d ./Core/Src/can.o
 .debug_macro   0x000000000000ff98     0x3468 ./Core/Src/can.o
 .debug_macro   0x0000000000013400      0x174 ./Core/Src/can.o
 .debug_macro   0x0000000000013574       0x5c ./Core/Src/can.o
 .debug_macro   0x00000000000135d0      0x5be ./Core/Src/can.o
 .debug_macro   0x0000000000013b8e      0x1b7 ./Core/Src/can.o
 .debug_macro   0x0000000000013d45      0x1cb ./Core/Src/can.o
 .debug_macro   0x0000000000013f10      0x114 ./Core/Src/can.o
 .debug_macro   0x0000000000014024      0x1b2 ./Core/Src/can.o
 .debug_macro   0x00000000000141d6       0x27 ./Core/Src/can.o
 .debug_macro   0x00000000000141fd      0x12f ./Core/Src/can.o
 .debug_macro   0x000000000001432c      0x1bc ./Core/Src/can.o
 .debug_macro   0x00000000000144e8       0x34 ./Core/Src/can.o
 .debug_macro   0x000000000001451c       0x3c ./Core/Src/can.o
 .debug_macro   0x0000000000014558      0x408 ./Core/Src/can.o
 .debug_macro   0x0000000000014960       0x57 ./Core/Src/can.o
 .debug_macro   0x00000000000149b7       0x88 ./Core/Src/can.o
 .debug_macro   0x0000000000014a3f      0x183 ./Core/Src/can.o
 .debug_macro   0x0000000000014bc2      0x141 ./Core/Src/can.o
 .debug_macro   0x0000000000014d03       0x69 ./Core/Src/can.o
 .debug_macro   0x0000000000014d6c       0x28 ./Core/Src/can.o
 .debug_macro   0x0000000000014d94      0x1a6 ./Core/Src/gpio.o
 .debug_macro   0x0000000000014f3a      0x1b8 ./Core/Src/main.o
 .debug_macro   0x00000000000150f2      0x19c ./Core/Src/stm32f1xx_hal_msp.o
 .debug_macro   0x000000000001528e      0x1a6 ./Core/Src/stm32f1xx_it.o
 .debug_macro   0x0000000000015434      0x18d ./Core/Src/system_stm32f1xx.o
 .debug_macro   0x00000000000155c1      0x910 ./Core/Src/wapper.o
 .debug_macro   0x0000000000015ed1      0xc0a ./Core/Src/wapper.o
 .debug_macro   0x0000000000016adb       0x1c ./Core/Src/wapper.o
 .debug_macro   0x0000000000016af7      0xd23 ./Core/Src/wapper.o
 .debug_macro   0x000000000001781a      0x17b ./Core/Src/wapper.o
 .debug_macro   0x0000000000017995       0x28 ./Core/Src/wapper.o
 .debug_macro   0x00000000000179bd      0x18a ./Core/Src/wapper.o
 .debug_macro   0x0000000000017b47       0x10 ./Core/Src/wapper.o
 .debug_macro   0x0000000000017b57       0xba ./Core/Src/wapper.o
 .debug_macro   0x0000000000017c11       0xf7 ./Core/Src/wapper.o
 .debug_macro   0x0000000000017d08      0x34c ./Core/Src/wapper.o
 .debug_macro   0x0000000000018054       0x10 ./Core/Src/wapper.o
 .debug_macro   0x0000000000018064       0x52 ./Core/Src/wapper.o
 .debug_macro   0x00000000000180b6       0x34 ./Core/Src/wapper.o
 .debug_macro   0x00000000000180ea       0x43 ./Core/Src/wapper.o
 .debug_macro   0x000000000001812d       0x16 ./Core/Src/wapper.o
 .debug_macro   0x0000000000018143      0x364 ./Core/Src/wapper.o
 .debug_macro   0x00000000000184a7       0x10 ./Core/Src/wapper.o
 .debug_macro   0x00000000000184b7       0x35 ./Core/Src/wapper.o
 .debug_macro   0x00000000000184ec       0x20 ./Core/Src/wapper.o
 .debug_macro   0x000000000001850c       0x8e ./Core/Src/wapper.o
 .debug_macro   0x000000000001859a       0x94 ./Core/Src/wapper.o
 .debug_macro   0x000000000001862e       0x1f ./Core/Src/wapper.o
 .debug_macro   0x000000000001864d       0x10 ./Core/Src/wapper.o
 .debug_macro   0x000000000001865d       0x18 ./Core/Src/wapper.o
 .debug_macro   0x0000000000018675       0x49 ./Core/Src/wapper.o
 .debug_macro   0x00000000000186be       0x35 ./Core/Src/wapper.o
 .debug_macro   0x00000000000186f3       0x1c ./Core/Src/wapper.o
 .debug_macro   0x000000000001870f       0x11 ./Core/Src/wapper.o
 .debug_macro   0x0000000000018720       0x17 ./Core/Src/wapper.o
 .debug_macro   0x0000000000018737       0x10 ./Core/Src/wapper.o
 .debug_macro   0x0000000000018747       0x28 ./Core/Src/wapper.o
 .debug_macro   0x000000000001876f       0x2e ./Core/Src/wapper.o
 .debug_macro   0x000000000001879d       0x10 ./Core/Src/wapper.o
 .debug_macro   0x00000000000187ad       0x10 ./Core/Src/wapper.o
 .debug_macro   0x00000000000187bd       0x12 ./Core/Src/wapper.o
 .debug_macro   0x00000000000187cf       0x26 ./Core/Src/wapper.o
 .debug_macro   0x00000000000187f5       0x2b ./Core/Src/wapper.o
 .debug_macro   0x0000000000018820       0x88 ./Core/Src/wapper.o
 .debug_macro   0x00000000000188a8       0x19 ./Core/Src/wapper.o
 .debug_macro   0x00000000000188c1       0x10 ./Core/Src/wapper.o
 .debug_macro   0x00000000000188d1       0x1c ./Core/Src/wapper.o
 .debug_macro   0x00000000000188ed       0xde ./Core/Src/wapper.o
 .debug_macro   0x00000000000189cb       0x11 ./Core/Src/wapper.o
 .debug_macro   0x00000000000189dc      0x120 ./Core/Src/wapper.o
 .debug_macro   0x0000000000018afc       0x12 ./Core/Src/wapper.o
 .debug_macro   0x0000000000018b0e       0x22 ./Core/Src/wapper.o
 .debug_macro   0x0000000000018b30       0x3c ./Core/Src/wapper.o
 .debug_macro   0x0000000000018b6c       0x33 ./Core/Src/wapper.o
 .debug_macro   0x0000000000018b9f      0x173 ./Core/Src/wapper.o
 .debug_macro   0x0000000000018d12       0x10 ./Core/Src/wapper.o
 .debug_macro   0x0000000000018d22       0x2e ./Core/Src/wapper.o
 .debug_macro   0x0000000000018d50       0x16 ./Core/Src/wapper.o
 .debug_macro   0x0000000000018d66       0x46 ./Core/Src/wapper.o
 .debug_macro   0x0000000000018dac       0x5e ./Core/Src/wapper.o
 .debug_macro   0x0000000000018e0a       0x11 ./Core/Src/wapper.o
 .debug_macro   0x0000000000018e1b       0x2f ./Core/Src/wapper.o
 .debug_macro   0x0000000000018e4a       0x16 ./Core/Src/wapper.o
 .debug_macro   0x0000000000018e60       0x11 ./Core/Src/wapper.o
 .debug_macro   0x0000000000018e71       0x11 ./Core/Src/wapper.o
 .debug_macro   0x0000000000018e82       0x11 ./Core/Src/wapper.o
 .debug_macro   0x0000000000018e93       0x18 ./Core/Src/wapper.o
 .debug_macro   0x0000000000018eab       0x17 ./Core/Src/wapper.o
 .debug_macro   0x0000000000018ec2       0x1d ./Core/Src/wapper.o
 .debug_macro   0x0000000000018edf       0xbe ./Core/Src/wapper.o
 .debug_macro   0x0000000000018f9d      0x10d ./Core/Src/wapper.o
 .debug_macro   0x00000000000190aa      0x11d ./Core/Src/wapper.o
 .debug_macro   0x00000000000191c7       0x11 ./Core/Src/wapper.o
 .debug_macro   0x00000000000191d8       0x22 ./Core/Src/wapper.o
 .debug_macro   0x00000000000191fa       0x10 ./Core/Src/wapper.o
 .debug_macro   0x000000000001920a       0x11 ./Core/Src/wapper.o
 .debug_macro   0x000000000001921b       0x1f ./Core/Src/wapper.o
 .debug_macro   0x000000000001923a       0x10 ./Core/Src/wapper.o
 .debug_macro   0x000000000001924a       0x11 ./Core/Src/wapper.o
 .debug_macro   0x000000000001925b       0x10 ./Core/Src/wapper.o
 .debug_macro   0x000000000001926b       0x11 ./Core/Src/wapper.o
 .debug_macro   0x000000000001927c       0x2d ./Core/Src/wapper.o
 .debug_macro   0x00000000000192a9       0x26 ./Core/Src/wapper.o
 .debug_macro   0x00000000000192cf       0x41 ./Core/Src/wapper.o
 .debug_macro   0x0000000000019310       0x10 ./Core/Src/wapper.o
 .debug_macro   0x0000000000019320      0x1b1 ./Drivers/STM32F1xx_HAL_Driver/Src/stm32f1xx_hal.o
 .debug_macro   0x00000000000194d1      0x195 ./Drivers/STM32F1xx_HAL_Driver/Src/stm32f1xx_hal_can.o
 .debug_macro   0x0000000000019666      0x18d ./Drivers/STM32F1xx_HAL_Driver/Src/stm32f1xx_hal_cortex.o
 .debug_macro   0x00000000000197f3      0x1f8 ./Drivers/STM32F1xx_HAL_Driver/Src/stm32f1xx_hal_gpio.o
 .debug_macro   0x00000000000199eb      0x19f ./Drivers/STM32F1xx_HAL_Driver/Src/stm32f1xx_hal_rcc.o

.debug_line     0x0000000000000000     0x8984
 .debug_line    0x0000000000000000      0x749 ./Core/Src/can.o
 .debug_line    0x0000000000000749      0x6e5 ./Core/Src/gpio.o
 .debug_line    0x0000000000000e2e      0x773 ./Core/Src/main.o
 .debug_line    0x00000000000015a1      0x666 ./Core/Src/stm32f1xx_hal_msp.o
 .debug_line    0x0000000000001c07      0x732 ./Core/Src/stm32f1xx_it.o
 .debug_line    0x0000000000002339      0x6d7 ./Core/Src/system_stm32f1xx.o
 .debug_line    0x0000000000002a10     0x1c90 ./Core/Src/wapper.o
 .debug_line    0x00000000000046a0       0x87 ./Core/Startup/startup_stm32f103c6tx.o
 .debug_line    0x0000000000004727      0x970 ./Drivers/STM32F1xx_HAL_Driver/Src/stm32f1xx_hal.o
 .debug_line    0x0000000000005097     0x137f ./Drivers/STM32F1xx_HAL_Driver/Src/stm32f1xx_hal_can.o
 .debug_line    0x0000000000006416      0xb11 ./Drivers/STM32F1xx_HAL_Driver/Src/stm32f1xx_hal_cortex.o
 .debug_line    0x0000000000006f27      0xa0f ./Drivers/STM32F1xx_HAL_Driver/Src/stm32f1xx_hal_gpio.o
 .debug_line    0x0000000000007936     0x104e ./Drivers/STM32F1xx_HAL_Driver/Src/stm32f1xx_hal_rcc.o

.debug_str      0x0000000000000000    0x8a84e
 .debug_str     0x0000000000000000    0x7aad1 ./Core/Src/can.o
                                      0x7af53 (size before relaxing)
 .debug_str     0x000000000007aad1       0x68 ./Core/Src/gpio.o
                                      0x7a964 (size before relaxing)
 .debug_str     0x000000000007ab39      0x17a ./Core/Src/main.o
                                      0x7aa41 (size before relaxing)
 .debug_str     0x000000000007acb3       0x2c ./Core/Src/stm32f1xx_hal_msp.o
                                      0x7a8d4 (size before relaxing)
 .debug_str     0x000000000007acdf       0xdc ./Core/Src/stm32f1xx_it.o
                                      0x7abca (size before relaxing)
 .debug_str     0x000000000007adbb       0x88 ./Core/Src/system_stm32f1xx.o
                                      0x7a867 (size before relaxing)
 .debug_str     0x000000000007ae43     0xe9a0 ./Core/Src/wapper.o
                                      0x89711 (size before relaxing)
 .debug_str     0x00000000000897e3       0x36 ./Core/Startup/startup_stm32f103c6tx.o
                                         0x72 (size before relaxing)
 .debug_str     0x0000000000089819      0x38e ./Drivers/STM32F1xx_HAL_Driver/Src/stm32f1xx_hal.o
                                      0x7af60 (size before relaxing)
 .debug_str     0x0000000000089ba7      0x53f ./Drivers/STM32F1xx_HAL_Driver/Src/stm32f1xx_hal_can.o
                                      0x7b067 (size before relaxing)
 .debug_str     0x000000000008a0e6      0x259 ./Drivers/STM32F1xx_HAL_Driver/Src/stm32f1xx_hal_cortex.o
                                      0x7aeac (size before relaxing)
 .debug_str     0x000000000008a33f      0x2e6 ./Drivers/STM32F1xx_HAL_Driver/Src/stm32f1xx_hal_gpio.o
                                      0x7abed (size before relaxing)
 .debug_str     0x000000000008a625      0x229 ./Drivers/STM32F1xx_HAL_Driver/Src/stm32f1xx_hal_rcc.o
                                      0x7ac96 (size before relaxing)

.comment        0x0000000000000000       0x50
 .comment       0x0000000000000000       0x50 ./Core/Src/can.o
                                         0x51 (size before relaxing)
 .comment       0x0000000000000050       0x51 ./Core/Src/gpio.o
 .comment       0x0000000000000050       0x51 ./Core/Src/main.o
 .comment       0x0000000000000050       0x51 ./Core/Src/stm32f1xx_hal_msp.o
 .comment       0x0000000000000050       0x51 ./Core/Src/stm32f1xx_it.o
 .comment       0x0000000000000050       0x51 ./Core/Src/system_stm32f1xx.o
 .comment       0x0000000000000050       0x51 ./Core/Src/wapper.o
 .comment       0x0000000000000050       0x51 ./Drivers/STM32F1xx_HAL_Driver/Src/stm32f1xx_hal.o
 .comment       0x0000000000000050       0x51 ./Drivers/STM32F1xx_HAL_Driver/Src/stm32f1xx_hal_can.o
 .comment       0x0000000000000050       0x51 ./Drivers/STM32F1xx_HAL_Driver/Src/stm32f1xx_hal_cortex.o
 .comment       0x0000000000000050       0x51 ./Drivers/STM32F1xx_HAL_Driver/Src/stm32f1xx_hal_gpio.o
 .comment       0x0000000000000050       0x51 ./Drivers/STM32F1xx_HAL_Driver/Src/stm32f1xx_hal_rcc.o

.debug_frame    0x0000000000000000      0xac8
 .debug_frame   0x0000000000000000       0x70 ./Core/Src/can.o
 .debug_frame   0x0000000000000070       0x38 ./Core/Src/gpio.o
 .debug_frame   0x00000000000000a8       0x58 ./Core/Src/main.o
 .debug_frame   0x0000000000000100       0x28 ./Core/Src/stm32f1xx_hal_msp.o
 .debug_frame   0x0000000000000128       0xb0 ./Core/Src/stm32f1xx_it.o
 .debug_frame   0x00000000000001d8       0x30 ./Core/Src/system_stm32f1xx.o
 .debug_frame   0x0000000000000208       0x60 ./Core/Src/wapper.o
 .debug_frame   0x0000000000000268      0x1d4 ./Drivers/STM32F1xx_HAL_Driver/Src/stm32f1xx_hal.o
 .debug_frame   0x000000000000043c      0x2d0 ./Drivers/STM32F1xx_HAL_Driver/Src/stm32f1xx_hal_can.o
 .debug_frame   0x000000000000070c      0x120 ./Drivers/STM32F1xx_HAL_Driver/Src/stm32f1xx_hal_cortex.o
 .debug_frame   0x000000000000082c       0xd8 ./Drivers/STM32F1xx_HAL_Driver/Src/stm32f1xx_hal_gpio.o
 .debug_frame   0x0000000000000904      0x150 ./Drivers/STM32F1xx_HAL_Driver/Src/stm32f1xx_hal_rcc.o
 .debug_frame   0x0000000000000a54       0x2c c:/st/stm32cubeide_1.11.0/stm32cubeide/plugins/com.st.stm32cube.ide.mcu.externaltools.gnu-tools-for-stm32.10.3-2021.10.win32_1.0.100.202210260954/tools/bin/../lib/gcc/arm-none-eabi/10.3.1/../../../../arm-none-eabi/lib/thumb/v7-m/nofp\libc_nano.a(lib_a-init.o)
 .debug_frame   0x0000000000000a80       0x28 c:/st/stm32cubeide_1.11.0/stm32cubeide/plugins/com.st.stm32cube.ide.mcu.externaltools.gnu-tools-for-stm32.10.3-2021.10.win32_1.0.100.202210260954/tools/bin/../lib/gcc/arm-none-eabi/10.3.1/../../../../arm-none-eabi/lib/thumb/v7-m/nofp\libc_nano.a(lib_a-memcpy-stub.o)
 .debug_frame   0x0000000000000aa8       0x20 c:/st/stm32cubeide_1.11.0/stm32cubeide/plugins/com.st.stm32cube.ide.mcu.externaltools.gnu-tools-for-stm32.10.3-2021.10.win32_1.0.100.202210260954/tools/bin/../lib/gcc/arm-none-eabi/10.3.1/../../../../arm-none-eabi/lib/thumb/v7-m/nofp\libc_nano.a(lib_a-memset.o)
